// Jest Snapshot v1, https://goo.gl/fbAQLP

exports[`MessageBox rendering  MessageBox renders correctly 1`] = `ShallowWrapper {}`;
