// Jest Snapshot v1, https://goo.gl/fbAQLP

exports[`TextInputs renders correctly  StyledInput renders correctly 1`] = `ShallowWrapper {}`;
